[ ] cj36drx compiler-wrapper@1.1.0 staging (0s)
[ ] becq5hm ca-certificates-mozilla@2026-03-19 staging (0s)
[e] thy5vqo glibc@2.39 /usr (0s)
[e] zpevy7h gcc@13.3.0 /usr (0s)
[ ] td2vtbg gcc-runtime@13.3.0 staging (0s)
[ ] td2vtbg gcc-runtime@13.3.0 install (0s)
[+] td2vtbg gcc-runtime@13.3.0 /opt/spack/opt/spack/linux-zen3/gcc-runtime-13.3.0-td2vtbgxqrlughglemqrvbfx3tqozcxj (0s)
[ ] cj36drx compiler-wrapper@1.1.0 install (1s)
[+] cj36drx compiler-wrapper@1.1.0 /opt/spack/opt/spack/linux-zen3/compiler-wrapper-1.1.0-cj36drxonwpeqtef4nv5imckcsnobjt7 (1s)
[ ] qogxv4b gmake@4.4.1 staging (0s)
[ ] qogxv4b gmake@4.4.1 install (0s)
[ ] becq5hm ca-certificates-mozilla@2026-03-19 install (1s)
[+] becq5hm ca-certificates-mozilla@2026-03-19 /opt/spack/opt/spack/linux-zen3/ca-certificates-mozilla-2026-03-19-becq5hmlki622lprkwrllq6hpfvyur3f (1s)
[+] qogxv4b gmake@4.4.1 /opt/spack/opt/spack/linux-zen3/gmake-4.4.1-qogxv4b67odso6u2j6thkflrfx63msag (10s)
[ ] 2nnqlr6 libmd@1.1.0 staging (0s)
[ ] 2nnqlr6 libmd@1.1.0 autoreconf (0s)
[ ] 2nnqlr6 libmd@1.1.0 configure (0s)
[ ] mc33qw5 pkgconf@2.5.1 staging (0s)
[ ] e4r4e66 zstd@1.5.7 staging (0s)
[ ] e4r4e66 zstd@1.5.7 edit (0s)
[ ] e4r4e66 zstd@1.5.7 build (0s)
[ ] e4r4e66 zstd@1.5.7 install (0s)
[ ] knkjlms libiconv@1.18 staging (0s)
[ ] h2uazwi gzip@1.14 staging (0s)
[ ] wfsfgv6 libffi@3.5.2 staging (0s)
[ ] l3nu7zx util-macros@1.20.2 staging (0s)
[ ] uknbcyf zlib-ng@2.3.3 staging (0s)
[ ] q7zf5qo openblas@0.3.33 staging (0s)
[ ] uijqzu6 libsigsegv@2.15 staging (0s)
[ ] fbptros berkeley-db@18.1.40 staging (0s)
[ ] kcnzte2 xz@5.8.3 staging (0s)
[ ] uijqzu6 libsigsegv@2.15 autoreconf (0s)
[ ] uijqzu6 libsigsegv@2.15 configure (0s)
[ ] mc33qw5 pkgconf@2.5.1 autoreconf (0s)
[ ] mc33qw5 pkgconf@2.5.1 configure (0s)
[ ] l3nu7zx util-macros@1.20.2 autoreconf (0s)
[ ] l3nu7zx util-macros@1.20.2 configure (0s)
[ ] wfsfgv6 libffi@3.5.2 autoreconf (1s)
[ ] wfsfgv6 libffi@3.5.2 configure (1s)
[ ] h2uazwi gzip@1.14 autoreconf (1s)
[ ] h2uazwi gzip@1.14 configure (1s)
[ ] kcnzte2 xz@5.8.3 autoreconf (1s)
[ ] kcnzte2 xz@5.8.3 configure (1s)
[ ] fbptros berkeley-db@18.1.40 autoreconf (1s)
[ ] fbptros berkeley-db@18.1.40 configure (1s)
[ ] uknbcyf zlib-ng@2.3.3 autoreconf (1s)
[ ] uknbcyf zlib-ng@2.3.3 configure (1s)
[ ] l3nu7zx util-macros@1.20.2 build (2s)
[ ] l3nu7zx util-macros@1.20.2 install (2s)
[+] l3nu7zx util-macros@1.20.2 /opt/spack/opt/spack/linux-zen3/util-macros-1.20.2-l3nu7zxbsyqxtrfwpmxfkc5it56rmxfm (2s)
[ ] mc33qw5 pkgconf@2.5.1 build (3s)
[ ] 2nnqlr6 libmd@1.1.0 build (3s)
[ ] uijqzu6 libsigsegv@2.15 build (4s)
[ ] q7zf5qo openblas@0.3.33 edit (4s)
[ ] q7zf5qo openblas@0.3.33 build (4s)
[ ] wfsfgv6 libffi@3.5.2 build (5s)
[ ] knkjlms libiconv@1.18 autoreconf (5s)
[ ] knkjlms libiconv@1.18 configure (5s)
[ ] 2nnqlr6 libmd@1.1.0 install (5s)
[ ] uknbcyf zlib-ng@2.3.3 build (6s)
[ ] uijqzu6 libsigsegv@2.15 install (6s)
[+] 2nnqlr6 libmd@1.1.0 /opt/spack/opt/spack/linux-zen3/libmd-1.1.0-2nnqlr6sbfv35ps3sal4yvfqok257ii6 (6s)
[+] uijqzu6 libsigsegv@2.15 /opt/spack/opt/spack/linux-zen3/libsigsegv-2.15-uijqzu642y54j3iu6yxj57t7v6s5flqp (6s)
[ ] mc33qw5 pkgconf@2.5.1 install (6s)
[+] mc33qw5 pkgconf@2.5.1 /opt/spack/opt/spack/linux-zen3/pkgconf-2.5.1-mc33qw5zosyltc6lvaezjtaaifu72wwi (6s)
[ ] wfsfgv6 libffi@3.5.2 install (7s)
[+] wfsfgv6 libffi@3.5.2 /opt/spack/opt/spack/linux-zen3/libffi-3.5.2-wfsfgv6aelvwgktbyualamkfh6evbj52 (7s)
[ ] kcnzte2 xz@5.8.3 build (9s)
[ ] fbptros berkeley-db@18.1.40 build (13s)
[ ] uknbcyf zlib-ng@2.3.3 install (14s)
[+] uknbcyf zlib-ng@2.3.3 /opt/spack/opt/spack/linux-zen3/zlib-ng-2.3.3-uknbcyfbipjaihnpttfivfmalysrwcfw (14s)
[ ] kcnzte2 xz@5.8.3 install (16s)
[ ] n6y77jh libbsd@0.12.2 staging (0s)
[ ] n6y77jh libbsd@0.12.2 autoreconf (0s)
[ ] n6y77jh libbsd@0.12.2 configure (0s)
[ ] h2uazwi gzip@1.14 build (17s)
[+] kcnzte2 xz@5.8.3 /opt/spack/opt/spack/linux-zen3/xz-5.8.3-kcnzte27qx6is3v52tlbhp2qbhalrwmp (19s)
[ ] knkjlms libiconv@1.18 build (19s)
[ ] h2uazwi gzip@1.14 install (21s)
[+] h2uazwi gzip@1.14 /opt/spack/opt/spack/linux-zen3/gzip-1.14-h2uazwi52bavuqhs6guctuksgfyh7zru (21s)
[+] e4r4e66 zstd@1.5.7 /opt/spack/opt/spack/linux-zen3/zstd-1.5.7-e4r4e66lzi67dtj4tawdkncig6frrew5 (22s)
[ ] n6y77jh libbsd@0.12.2 build (7s)
[ ] 6f4fo3e libpciaccess@0.17 staging (0s)
[ ] 6f4fo3e libpciaccess@0.17 autoreconf (0s)
[ ] 6f4fo3e libpciaccess@0.17 configure (0s)
[ ] n6y77jh libbsd@0.12.2 install (9s)
[ ] xa24kzc ncurses@6.6 staging (0s)
[ ] kzfr3jj util-linux-uuid@2.41 staging (0s)
[ ] fbptros berkeley-db@18.1.40 install (26s)
[ ] w5qczhc pigz@2.8 staging (0s)
[+] n6y77jh libbsd@0.12.2 /opt/spack/opt/spack/linux-zen3/libbsd-0.12.2-n6y77jh5zmld7ls3t5q5eqh4opx2xukb (9s)
[ ] ez6yfoe expat@2.8.1 staging (1s)
[ ] w5qczhc pigz@2.8 edit (1s)
[ ] w5qczhc pigz@2.8 build (1s)
[+] fbptros berkeley-db@18.1.40 /opt/spack/opt/spack/linux-zen3/berkeley-db-18.1.40-fbptroseisquh4lhu5but253yerfu2xz (27s)
[ ] kzfr3jj util-linux-uuid@2.41 autoreconf (1s)
[ ] kzfr3jj util-linux-uuid@2.41 configure (1s)
[ ] ez6yfoe expat@2.8.1 autoreconf (1s)
[ ] ez6yfoe expat@2.8.1 configure (1s)
[ ] xa24kzc ncurses@6.6 autoreconf (2s)
[ ] xa24kzc ncurses@6.6 configure (2s)
[ ] w5qczhc pigz@2.8 install (2s)
[+] w5qczhc pigz@2.8 /opt/spack/opt/spack/linux-zen3/pigz-2.8-w5qczhcscfgoce64b43axbb3f2vufilk (2s)
[ ] knkjlms libiconv@1.18 install (30s)
[ ] 6f4fo3e libpciaccess@0.17 build (5s)
[+] knkjlms libiconv@1.18 /opt/spack/opt/spack/linux-zen3/libiconv-1.18-knkjlms4pyaa2oczi6beexqbadzlnfqq (30s)
[ ] yleda4i diffutils@3.12 staging (0s)
[ ] 6f4fo3e libpciaccess@0.17 install (6s)
[ ] jfidykf libxml2@2.13.9 staging (0s)
[ ] yleda4i diffutils@3.12 autoreconf (0s)
[ ] yleda4i diffutils@3.12 configure (0s)
[+] 6f4fo3e libpciaccess@0.17 /opt/spack/opt/spack/linux-zen3/libpciaccess-0.17-6f4fo3ewjg5ze6mlugp25y6esqqdhfrp (6s)
[ ] ez6yfoe expat@2.8.1 build (6s)
[ ] jfidykf libxml2@2.13.9 autoreconf (3s)
[ ] jfidykf libxml2@2.13.9 configure (3s)
[ ] ez6yfoe expat@2.8.1 install (11s)
[+] ez6yfoe expat@2.8.1 /opt/spack/opt/spack/linux-zen3/expat-2.8.1-ez6yfoeybs5jrt66pqn6wv4h5nabyz3q (11s)
[ ] jfidykf libxml2@2.13.9 build (7s)
[ ] kzfr3jj util-linux-uuid@2.41 build (18s)
[ ] jfidykf libxml2@2.13.9 install (13s)
[ ] kzfr3jj util-linux-uuid@2.41 install (19s)
[+] jfidykf libxml2@2.13.9 /opt/spack/opt/spack/linux-zen3/libxml2-2.13.9-jfidykf3tbaspkozxq6ljgbks5ex2zfd (14s)
[+] kzfr3jj util-linux-uuid@2.41 /opt/spack/opt/spack/linux-zen3/util-linux-uuid-2.41-kzfr3jj3giuzwww7wlvask4zwnywtjpt (19s)
[ ] xa24kzc ncurses@6.6 build (28s)
[ ] yleda4i diffutils@3.12 build (34s)
[ ] yleda4i diffutils@3.12 install (37s)
[+] yleda4i diffutils@3.12 /opt/spack/opt/spack/linux-zen3/diffutils-3.12-yleda4iuymyfylxi7ipt7mlb6wqbbw2f (38s)
[ ] g4c2tua binutils@2.46.0 staging (0s)
[ ] salrerm nghttp2@1.67.1 staging (0s)
[ ] 3ek24vn bzip2@1.0.8 staging (0s)
[ ] 3ek24vn bzip2@1.0.8 install (1s)
[ ] o3zg6ya m4@1.4.21 staging (0s)
[ ] salrerm nghttp2@1.67.1 autoreconf (2s)
[ ] salrerm nghttp2@1.67.1 configure (2s)
[ ] o3zg6ya m4@1.4.21 autoreconf (1s)
[ ] o3zg6ya m4@1.4.21 configure (1s)
[+] 3ek24vn bzip2@1.0.8 /opt/spack/opt/spack/linux-zen3/bzip2-1.0.8-3ek24vnxql67achit44hbmrzkcyiqbgp (3s)
[ ] s74im7e tar@1.35 staging (0s)
[ ] s74im7e tar@1.35 autoreconf (0s)
[ ] s74im7e tar@1.35 configure (0s)
[ ] gkoaioi file@5.46 staging (0s)
[ ] xa24kzc ncurses@6.6 install (50s)
[ ] gkoaioi file@5.46 autoreconf (4s)
[ ] gkoaioi file@5.46 configure (4s)
[ ] g4c2tua binutils@2.46.0 autoreconf (9s)
[ ] g4c2tua binutils@2.46.0 configure (9s)
[ ] salrerm nghttp2@1.67.1 build (12s)
[ ] g4c2tua binutils@2.46.0 build (12s)
[+] xa24kzc ncurses@6.6 /opt/spack/opt/spack/linux-zen3/ncurses-6.6-xa24kzcnv2rtf6qfaanamqhxxwlnoccn (55s)
[ ] gkoaioi file@5.46 build (11s)
[ ] yf6tvgw hwloc@2.13.0 staging (0s)
[ ] salrerm nghttp2@1.67.1 install (16s)
[ ] yf6tvgw hwloc@2.13.0 autoreconf (1s)
[ ] yf6tvgw hwloc@2.13.0 configure (1s)
[ ] s6vw3ed libedit@3.1-20251016 staging (0s)
[ ] gkoaioi file@5.46 install (14s)
[ ] hidrrai readline@8.3 staging (0s)
[ ] mjjtkoe less@692 staging (0s)
[ ] s6vw3ed libedit@3.1-20251016 autoreconf (0s)
[ ] s6vw3ed libedit@3.1-20251016 configure (0s)
[+] salrerm nghttp2@1.67.1 /opt/spack/opt/spack/linux-zen3/nghttp2-1.67.1-salrermkden6kswjnyhoxyphlt6k7h2h (17s)
[+] gkoaioi file@5.46 /opt/spack/opt/spack/linux-zen3/file-5.46-gkoaioiduhbgd44xp6yks5nvlvjj5r4e (15s)
[ ] mjjtkoe less@692 autoreconf (1s)
[ ] mjjtkoe less@692 configure (1s)
[ ] mjjtkoe less@692 build (5s)
[ ] s6vw3ed libedit@3.1-20251016 build (5s)
[ ] mjjtkoe less@692 install (6s)
[+] mjjtkoe less@692 /opt/spack/opt/spack/linux-zen3/less-692-mjjtkoefwptlntdcp5jesma4tzkg6tmp (7s)
[ ] s6vw3ed libedit@3.1-20251016 install (8s)
[+] s6vw3ed libedit@3.1-20251016 /opt/spack/opt/spack/linux-zen3/libedit-3.1-20251016-s6vw3edp5hjgtmlo4v4yauutgl62qx2q (9s)
[ ] hidrrai readline@8.3 autoreconf (10s)
[ ] hidrrai readline@8.3 configure (10s)
[ ] yf6tvgw hwloc@2.13.0 build (15s)
[ ] hidrrai readline@8.3 build (16s)
[ ] s74im7e tar@1.35 build (32s)
[ ] hidrrai readline@8.3 install (20s)
[ ] yf6tvgw hwloc@2.13.0 install (23s)
[+] hidrrai readline@8.3 /opt/spack/opt/spack/linux-zen3/readline-8.3-hidrrairymosmlqknfqbjxnqoyb3frob (22s)
[+] yf6tvgw hwloc@2.13.0 /opt/spack/opt/spack/linux-zen3/hwloc-2.13.0-yf6tvgwm4dmpk4jnyjf62ljj6frnunrv (24s)
[ ] xfdw3ib sqlite@3.53.1 staging (1s)
[ ] 7uwgbx5 gdbm@1.26 staging (1s)
[ ] s74im7e tar@1.35 install (37s)
[ ] xfdw3ib sqlite@3.53.1 autoreconf (1s)
[ ] xfdw3ib sqlite@3.53.1 configure (1s)
[ ] 7uwgbx5 gdbm@1.26 autoreconf (2s)
[ ] 7uwgbx5 gdbm@1.26 configure (2s)
[+] s74im7e tar@1.35 /opt/spack/opt/spack/linux-zen3/tar-1.35-s74im7eqrq7zv4wlm73uopjdabefoowo (38s)
[ ] o3zg6ya m4@1.4.21 build (41s)
[ ] ckjrzkc gettext@1.0 staging (0s)
[ ] xfdw3ib sqlite@3.53.1 build (3s)
[ ] ckjrzkc gettext@1.0 autoreconf (2s)
[ ] ckjrzkc gettext@1.0 configure (2s)
[ ] 7uwgbx5 gdbm@1.26 build (7s)
[ ] o3zg6ya m4@1.4.21 install (45s)
[ ] 7uwgbx5 gdbm@1.26 install (10s)
[+] o3zg6ya m4@1.4.21 /opt/spack/opt/spack/linux-zen3/m4-1.4.21-o3zg6yacd3s3sqa2c35maga2propmhvm (48s)
[+] 7uwgbx5 gdbm@1.26 /opt/spack/opt/spack/linux-zen3/gdbm-1.26-7uwgbx5jsae2uauiqokcani5qca2jab2 (11s)
[ ] 3dvwrnh bison@3.8.2 staging (0s)
[ ] 3dvwrnh bison@3.8.2 autoreconf (0s)
[ ] 3dvwrnh bison@3.8.2 configure (0s)
[ ] 24g54as perl@5.42.0 staging (0s)
[ ] 24g54as perl@5.42.0 configure (3s)
[ ] g4c2tua binutils@2.46.0 install (1m04s)
[+] g4c2tua binutils@2.46.0 /opt/spack/opt/spack/linux-zen3/binutils-2.46.0-g4c2tuai5dfnlpxtdxswpnc4lo3i3dwt (1m07s)
[ ] 3dvwrnh bison@3.8.2 build (26s)
[ ] 3dvwrnh bison@3.8.2 install (29s)
[+] 3dvwrnh bison@3.8.2 /opt/spack/opt/spack/linux-zen3/bison-3.8.2-3dvwrnhthtabcfvtrfy3uqlnoxoigzhf (30s)
[ ] xfdw3ib sqlite@3.53.1 install (53s)
[+] xfdw3ib sqlite@3.53.1 /opt/spack/opt/spack/linux-zen3/sqlite-3.53.1-xfdw3ib7cqllxn4z5e3piuwitykcrcl3 (53s)
[ ] 24g54as perl@5.42.0 build (44s)
[ ] 24g54as perl@5.42.0 install (1m21s)
[+] 24g54as perl@5.42.0 /opt/spack/opt/spack/linux-zen3/perl-5.42.0-24g54asu3x5amypertgu2qbolyacozru (1m24s)
[ ] lfdngom openssl@3.6.1 staging (0s)
[ ] 5eimls5 libxcrypt@4.5.2 staging (0s)
[ ] jrp6kso autoconf@2.72 staging (0s)
[ ] jrp6kso autoconf@2.72 autoreconf (0s)
[ ] jrp6kso autoconf@2.72 configure (0s)
[ ] 5eimls5 libxcrypt@4.5.2 autoreconf (1s)
[ ] 5eimls5 libxcrypt@4.5.2 configure (1s)
[ ] jrp6kso autoconf@2.72 build (1s)
[ ] jrp6kso autoconf@2.72 install (2s)
[ ] lfdngom openssl@3.6.1 install (2s)
[+] jrp6kso autoconf@2.72 /opt/spack/opt/spack/linux-zen3/autoconf-2.72-jrp6ksoyucni2x7iamsikir3avss3rdz (2s)
[ ] iiuzefs automake@1.18.1 staging (0s)
[ ] iiuzefs automake@1.18.1 autoreconf (0s)
[ ] iiuzefs automake@1.18.1 configure (0s)
[ ] iiuzefs automake@1.18.1 build (2s)
[ ] iiuzefs automake@1.18.1 install (2s)
[+] iiuzefs automake@1.18.1 /opt/spack/opt/spack/linux-zen3/automake-1.18.1-iiuzefsji7b5p5rwu72anyebmnxsajx7 (3s)
[ ] 5eimls5 libxcrypt@4.5.2 build (6s)
[ ] 5eimls5 libxcrypt@4.5.2 install (8s)
[+] 5eimls5 libxcrypt@4.5.2 /opt/spack/opt/spack/linux-zen3/libxcrypt-4.5.2-5eimls5rajtss66yt7bcv5q7wvu6qog5 (9s)
[ ] ckjrzkc gettext@1.0 build (2m12s)
[+] lfdngom openssl@3.6.1 /opt/spack/opt/spack/linux-zen3/openssl-3.6.1-lfdngomamzuirnvcgefztw2nryf4srq4 (54s)
[ ] ywlzvf7 libevent@2.1.12 staging (0s)
[ ] 555wona curl@8.20.0 staging (0s)
[ ] qowi24c coreutils@9.10 staging (0s)
[ ] ywlzvf7 libevent@2.1.12 autoreconf (0s)
[ ] ywlzvf7 libevent@2.1.12 configure (0s)
[ ] qowi24c coreutils@9.10 autoreconf (1s)
[ ] qowi24c coreutils@9.10 configure (1s)
[ ] 555wona curl@8.20.0 autoreconf (2s)
[ ] 555wona curl@8.20.0 configure (2s)
[ ] ywlzvf7 libevent@2.1.12 build (12s)
[ ] ywlzvf7 libevent@2.1.12 install (17s)
[+] ywlzvf7 libevent@2.1.12 /opt/spack/opt/spack/linux-zen3/libevent-2.1.12-ywlzvf7g6eh324hoagknbhtkclokspla (18s)
[ ] 555wona curl@8.20.0 build (20s)
[ ] 555wona curl@8.20.0 install (34s)
[+] 555wona curl@8.20.0 /opt/spack/opt/spack/linux-zen3/curl-8.20.0-555wonauszj5t3ql26qvmgd2tfq63fyj (35s)
[ ] ydmczxt cmake@3.31.11 staging (0s)
[ ] ydmczxt cmake@3.31.11 bootstrap (2s)
[ ] qowi24c coreutils@9.10 build (1m05s)
[ ] qowi24c coreutils@9.10 install (1m14s)
[+] qowi24c coreutils@9.10 /opt/spack/opt/spack/linux-zen3/coreutils-9.10-qowi24c7w4ozya3aymhyiau4xzncljfb (1m15s)
[ ] rcsuuce cuda@13.1.2 staging (0s)
[ ] q7zf5qo openblas@0.3.33 install (5m48s)
[ ] ydmczxt cmake@3.31.11 build (57s)
[+] q7zf5qo openblas@0.3.33 /opt/spack/opt/spack/linux-zen3/openblas-0.3.33-q7zf5qogabbpc6x5cwgrbjyzm7xipfg7 (5m51s)
[ ] ckjrzkc gettext@1.0 install (4m20s)
[+] ckjrzkc gettext@1.0 /opt/spack/opt/spack/linux-zen3/gettext-1.0-ckjrzkcbxtoxibevyye6o5pck5fquzek (4m45s)
[ ] rq2tv5n findutils@4.10.0 staging (0s)
[ ] sv5sduj python@3.14.5 staging (0s)
[ ] rq2tv5n findutils@4.10.0 autoreconf (1s)
[ ] rq2tv5n findutils@4.10.0 configure (1s)
[ ] sv5sduj python@3.14.5 configure (2s)
[ ] sv5sduj python@3.14.5 build (33s)
[ ] rq2tv5n findutils@4.10.0 build (42s)
[ ] ydmczxt cmake@3.31.11 install (2m32s)
[ ] rq2tv5n findutils@4.10.0 install (49s)
[+] rq2tv5n findutils@4.10.0 /opt/spack/opt/spack/linux-zen3/findutils-4.10.0-rq2tv5nsx32lr67czorjfv2cn3yz3cg4 (50s)
[ ] rj6guq4 libtool@2.5.4 staging (0s)
[ ] rj6guq4 libtool@2.5.4 autoreconf (1s)
[ ] rj6guq4 libtool@2.5.4 configure (1s)
[ ] oqfohs6 flex@2.6.3 staging (0s)
[ ] twakr57 krb5@1.22.2 staging (0s)
[ ] twakr57 krb5@1.22.2 autoreconf (1s)
[ ] twakr57 krb5@1.22.2 configure (1s)
[+] ydmczxt cmake@3.31.11 /opt/spack/opt/spack/linux-zen3/cmake-3.31.11-ydmczxty4ebsqfvmnh7jqnbbooxujj6v (2m38s)
[ ] hurxpse blt@0.7.2 staging (0s)
[ ] jsqeyrd metis@5.1.0 staging (0s)
[ ] oqfohs6 flex@2.6.3 autoreconf (1s)
[ ] oqfohs6 flex@2.6.3 configure (1s)
[ ] h4pelrp nlohmann-json@3.12.0 staging (0s)
[ ] se2zzvg eigen@5.0.1 staging (0s)
[ ] nda7xax fmt@11.0.2 staging (0s)
[ ] xaxkvti fast-float@6.1.6 staging (0s)
[ ] nda7xax fmt@11.0.2 cmake (1s)
[ ] nda7xax fmt@11.0.2 build (1s)
[ ] xaxkvti fast-float@6.1.6 cmake (1s)
[ ] hurxpse blt@0.7.2 install (1s)
[ ] xaxkvti fast-float@6.1.6 build (1s)
[ ] xaxkvti fast-float@6.1.6 install (1s)
[+] xaxkvti fast-float@6.1.6 /opt/spack/opt/spack/linux-zen3/fast-float-6.1.6-xaxkvtiyoeamhzxgkevfcdsuj2thy5yc (1s)
[ ] 4qqzlsf scnlib@4.0.1 staging (0s)
[+] hurxpse blt@0.7.2 /opt/spack/opt/spack/linux-zen3/blt-0.7.2-hurxpsejsq2ey4tdwnzyvg3jdsecykwg (2s)
[ ] jsqeyrd metis@5.1.0 cmake (2s)
[ ] se2zzvg eigen@5.0.1 cmake (2s)
[ ] sv5sduj python@3.14.5 install (55s)
[ ] h4pelrp nlohmann-json@3.12.0 cmake (2s)
[ ] jsqeyrd metis@5.1.0 build (2s)
[ ] h4pelrp nlohmann-json@3.12.0 build (2s)
[ ] h4pelrp nlohmann-json@3.12.0 install (2s)
[+] h4pelrp nlohmann-json@3.12.0 /opt/spack/opt/spack/linux-zen3/nlohmann-json-3.12.0-h4pelrpao4n5rdhzviprilt5gbgpvys5 (3s)
[ ] 4qqzlsf scnlib@4.0.1 cmake (1s)
[ ] 4qqzlsf scnlib@4.0.1 build (1s)
[ ] hpkqzuy nlohmann-json-schema-validator@main staging (0s)
[ ] se2zzvg eigen@5.0.1 build (3s)
[ ] se2zzvg eigen@5.0.1 install (3s)
[ ] rj6guq4 libtool@2.5.4 build (5s)
[+] se2zzvg eigen@5.0.1 /opt/spack/opt/spack/linux-zen3/eigen-5.0.1-se2zzvgs3m6pdkpcskf6aen4fsx2ay7q (4s)
[ ] nda7xax fmt@11.0.2 install (5s)
[+] nda7xax fmt@11.0.2 /opt/spack/opt/spack/linux-zen3/fmt-11.0.2-nda7xaxarcchedxgzbk4a5trylxgjwyr (5s)
[ ] hpkqzuy nlohmann-json-schema-validator@main cmake (2s)
[ ] rj6guq4 libtool@2.5.4 install (7s)
[ ] hpkqzuy nlohmann-json-schema-validator@main build (2s)
[ ] jsqeyrd metis@5.1.0 install (6s)
[ ] oqfohs6 flex@2.6.3 build (7s)
[+] jsqeyrd metis@5.1.0 /opt/spack/opt/spack/linux-zen3/metis-5.1.0-jsqeyrdys44qeteju2bucwem2iew3zbe (6s)
[+] rj6guq4 libtool@2.5.4 /opt/spack/opt/spack/linux-zen3/libtool-2.5.4-rj6guq4xi34qbhmmfeu2lo5sbqr7mugw (8s)
[+] sv5sduj python@3.14.5 /opt/spack/opt/spack/linux-zen3/python-3.14.5-sv5sdujbjtxgq2gjvalxj6zrxykyzlxj (1m00s)
[ ] kqcxawm numactl@2.0.19 staging (0s)
[ ] wxtlq6n pmix@6.1.0 staging (0s)
[ ] rj3aqv3 libxsmm@main staging (0s)
[ ] kqcxawm numactl@2.0.19 autoreconf (0s)
[ ] oqfohs6 flex@2.6.3 install (9s)
[ ] wxtlq6n pmix@6.1.0 autoreconf (2s)
[ ] wxtlq6n pmix@6.1.0 configure (2s)
[+] oqfohs6 flex@2.6.3 /opt/spack/opt/spack/linux-zen3/flex-2.6.3-oqfohs62xnsogybsezqreiaxoco2zvid (10s)
[ ] kqcxawm numactl@2.0.19 configure (4s)
[ ] twakr57 krb5@1.22.2 build (13s)
[ ] kqcxawm numactl@2.0.19 build (6s)
[ ] kqcxawm numactl@2.0.19 install (7s)
[ ] rj3aqv3 libxsmm@main edit (7s)
[ ] rj3aqv3 libxsmm@main build (7s)
[+] kqcxawm numactl@2.0.19 /opt/spack/opt/spack/linux-zen3/numactl-2.0.19-kqcxawmdbmgirxo3ukdi225lkvvzkyst (7s)
[ ] hpkqzuy nlohmann-json-schema-validator@main install (23s)
[+] hpkqzuy nlohmann-json-schema-validator@main /opt/spack/opt/spack/linux-zen3/nlohmann-json-schema-validator-main-hpkqzuy45jstaehuui5e5hitvmi4rqga (23s)
[ ] wxtlq6n pmix@6.1.0 build (22s)
[ ] rj3aqv3 libxsmm@main install (25s)
[+] rj3aqv3 libxsmm@main /opt/spack/opt/spack/linux-zen3/libxsmm-main-rj3aqv3bhm6h2rgmhiil4i45ua3gggzn (25s)
[ ] twakr57 krb5@1.22.2 install (37s)
[+] twakr57 krb5@1.22.2 /opt/spack/opt/spack/linux-zen3/krb5-1.22.2-twakr57kv5b32wqnd3frnqixl337zxkb (39s)
[ ] qnbf2w2 openssh@10.3p1 staging (0s)
[ ] qnbf2w2 openssh@10.3p1 autoreconf (1s)
[ ] qnbf2w2 openssh@10.3p1 configure (1s)
[ ] 4qqzlsf scnlib@4.0.1 install (43s)
[+] 4qqzlsf scnlib@4.0.1 /opt/spack/opt/spack/linux-zen3/scnlib-4.0.1-4qqzlsfa73cchfm2keqflczfxldj66dg (43s)
[ ] rcsuuce cuda@13.1.2 install (2m44s)
[ ] qnbf2w2 openssh@10.3p1 build (30s)
[ ] qnbf2w2 openssh@10.3p1 install (34s)
[+] qnbf2w2 openssh@10.3p1 /opt/spack/opt/spack/linux-zen3/openssh-10.3p1-qnbf2w2xtg4qieuo7g77pjmyc2mesvzy (34s)
[ ] wxtlq6n pmix@6.1.0 install (1m08s)
[+] wxtlq6n pmix@6.1.0 /opt/spack/opt/spack/linux-zen3/pmix-6.1.0-wxtlq6npkw4yycgkjkf2evhgk4thwsx5 (1m12s)
[ ] pu3lo6v prrte@4.1.0 staging (2s)
[ ] pu3lo6v prrte@4.1.0 autoreconf (6s)
[ ] pu3lo6v prrte@4.1.0 configure (16s)
[ ] pu3lo6v prrte@4.1.0 build (31s)
[+] rcsuuce cuda@13.1.2 /opt/spack/opt/spack/linux-zen3/cuda-13.1.2-rcsuucedcrud4wk33hhhzzxsjczffyyv (4m11s)
[ ] 63taxng magma@2.10.0 staging (0s)
[ ] o6xk7mq camp@2025.12.0 staging (0s)
[ ] o6xk7mq camp@2025.12.0 cmake (2s)
[ ] 63taxng magma@2.10.0 cmake (2s)
[ ] o6xk7mq camp@2025.12.0 build (4s)
[ ] o6xk7mq camp@2025.12.0 install (5s)
[+] o6xk7mq camp@2025.12.0 /opt/spack/opt/spack/linux-zen3/camp-2025.12.0-o6xk7mqgq5boes6wtj352mjzi5mmyqn6 (5s)
[ ] e2gjdyc umpire@2025.12.0 staging (0s)
[ ] pu3lo6v prrte@4.1.0 install (1m01s)
[ ] e2gjdyc umpire@2025.12.0 initconfig (3s)
[ ] e2gjdyc umpire@2025.12.0 cmake (3s)
[ ] 63taxng magma@2.10.0 build (9s)
[+] pu3lo6v prrte@4.1.0 /opt/spack/opt/spack/linux-zen3/prrte-4.1.0-pu3lo6vhuw6eloawq52m24r3lj7gzq3s (1m03s)
[ ] dz6mcy4 openmpi@5.0.10 staging (0s)
[ ] e2gjdyc umpire@2025.12.0 build (5s)
[ ] dz6mcy4 openmpi@5.0.10 autoreconf (8s)
[ ] dz6mcy4 openmpi@5.0.10 configure (8s)
[ ] e2gjdyc umpire@2025.12.0 install (26s)
[+] e2gjdyc umpire@2025.12.0 /opt/spack/opt/spack/linux-zen3/umpire-2025.12.0-e2gjdycf5jh7zynxq6nhrc5sw6qtqw6z (27s)
[ ] dz6mcy4 openmpi@5.0.10 build (1m10s)
[ ] dz6mcy4 openmpi@5.0.10 install (5m22s)
[+] dz6mcy4 openmpi@5.0.10 /opt/spack/opt/spack/linux-zen3/openmpi-5.0.10-dz6mcy4edceennvzyifk75dwa2amdnoq (5m33s)
[ ] 5lfbi5i hypre@3.1.0 staging (0s)
[ ] nfleoo4 gslib@1.0.9 staging (0s)
[ ] ta2b6tm parmetis@4.0.3 staging (0s)
[ ] xhe2efd arpack-ng@3.9.1 staging (0s)
[ ] ta2b6tm parmetis@4.0.3 cmake (0s)
[ ] ta2b6tm parmetis@4.0.3 build (1s)
[ ] xhe2efd arpack-ng@3.9.1 cmake (1s)
[ ] nfleoo4 gslib@1.0.9 install (2s)
[ ] 5lfbi5i hypre@3.1.0 cmake (2s)
[ ] ta2b6tm parmetis@4.0.3 install (3s)
[+] ta2b6tm parmetis@4.0.3 /opt/spack/opt/spack/linux-zen3/parmetis-4.0.3-ta2b6tmck3zrosjauw4gg63jeqt7v3rw (3s)
[ ] zbtmdqz superlu-dist@9.2.1 staging (0s)
[+] nfleoo4 gslib@1.0.9 /opt/spack/opt/spack/linux-zen3/gslib-1.0.9-nfleoo45tn3ydkmjuojxuxyt6wvlretx (3s)
[ ] zbtmdqz superlu-dist@9.2.1 cmake (0s)
[ ] xhe2efd arpack-ng@3.9.1 build (4s)
[ ] 5lfbi5i hypre@3.1.0 build (5s)
[ ] zbtmdqz superlu-dist@9.2.1 build (10s)
[ ] xhe2efd arpack-ng@3.9.1 install (34s)
[+] xhe2efd arpack-ng@3.9.1 /opt/spack/opt/spack/linux-zen3/arpack-ng-3.9.1-xhe2efdhtoq5evhrg3vy2y4ioomoix6q (36s)
[ ] zbtmdqz superlu-dist@9.2.1 install (2m09s)
[+] zbtmdqz superlu-dist@9.2.1 /opt/spack/opt/spack/linux-zen3/superlu-dist-9.2.1-zbtmdqzk4sw47yktyzffbpmosnwdmn5l (2m11s)
[ ] 63taxng magma@2.10.0 install (9m53s)
[+] 63taxng magma@2.10.0 /opt/spack/opt/spack/linux-zen3/magma-2.10.0-63taxngxuwn4v7uj32xcp76kudh2fhtu (10m14s)
[ ] br54y5r libceed@develop staging (0s)
[ ] br54y5r libceed@develop edit (3s)
[ ] br54y5r libceed@develop build (3s)
[ ] br54y5r libceed@develop install (8s)
[+] br54y5r libceed@develop /opt/spack/opt/spack/linux-zen3/libceed-develop-br54y5rl7oxw3pbpguof2tfpfwdh5fo4 (8s)
[ ] 5lfbi5i hypre@3.1.0 install (4m55s)
[+] 5lfbi5i hypre@3.1.0 /opt/spack/opt/spack/linux-zen3/hypre-3.1.0-5lfbi5injshyzuklkkfukapmw65ka2tj (4m57s)
[ ] 4mfttwj mfem@4.9.0 staging (0s)
[ ] 4mfttwj mfem@4.9.0 configure (1s)
[ ] 4mfttwj mfem@4.9.0 build (2s)
[ ] 4mfttwj mfem@4.9.0 install (4m45s)
[+] 4mfttwj mfem@4.9.0 /opt/spack/opt/spack/linux-zen3/mfem-4.9.0-4mfttwjjimvu6qctjrswmvci5gride7r (4m47s)
[ ] mxazkd5 palace@0.16.0 staging (0s)
[ ] mxazkd5 palace@0.16.0 cmake (8s)
[ ] mxazkd5 palace@0.16.0 build (12s)
[ ] mxazkd5 palace@0.16.0 install (1m27s)
[+] mxazkd5 palace@0.16.0 /opt/spack/opt/spack/linux-zen3/palace-0.16.0-mxazkd5mg6ababvdar7nk36cftgez226 (1m27s)
