== nvidia-smi -L ==
GPU 0: NVIDIA GeForce RTX 3070 (UUID: GPU-ca07c80d-4a89-0ea5-ef45-3eadd007ddd1)
== palace run ==
>> /opt/spack/opt/spack/linux-zen3/openmpi-5.0.10-dz6mcy4edceennvzyifk75dwa2amdnoq/bin/mpirun -n 1 /opt/spack/opt/spack/linux-zen3/palace-0.16.0-mxazkd5mg6ababvdar7nk36cftgez226/bin/palace-x86_64.bin cpw_lumped_uniform_gpu.jsonc

_____________     _______
_____   __   \____ __   /____ ____________
____   /_/  /  __ ` /  /  __ ` /  ___/  _ \
___   _____/  /_/  /  /  /_/  /  /__/  ___/
  /__/     \___,__/__/\___,__/\_____\_____/

Git changeset ID: 869ee5c
Running with 1 MPI process
Detected 1 CUDA device
Device configuration: cuda,cpu
Memory configuration: host-umpire,cuda-umpire
Use GPU-aware MPI:    no
libCEED backend: /gpu/cuda/magma

Added 1718 elements in 2 iterations of local bisection for under-resolved interior boundaries
Added 899 duplicate vertices for interior boundaries in the mesh
Added 2574 duplicate boundary elements for interior boundaries in the mesh
Added 466 boundary elements for material interfaces to the mesh
Finished partitioning mesh into 1 subdomain

Characteristic length and time scales:
 Lc = 4.500e-03 m, tc = 1.501e-02 ns

Mesh curvature order: 1
Mesh bounding box:
 (Xmin, Ymin, Zmin) = (-2.500e-04, -5.000e-04, -1.000e-03) m
 (Xmax, Ymax, Zmax) = (+4.250e-03, +2.432e-03, +1.000e-03) m

Parallel Mesh Stats:

                minimum     average     maximum       total
 vertices          4002        4002        4002        4002
 edges            23262       23262       23262       23262
 faces            35612       35612       35612       35612
 elements         16346       16346       16346       16346
 neighbors            0           0           0

            minimum     maximum
 h       0.00319648    0.168469
 kappa      1.06443     16.7224

Estimated current per-rank memory usage is: Min. 590.1M, Max. 590.1M, Avg. 590.1M, Total 590.1M
Estimated current per-node memory usage is: Min. 590.1M, Max. 590.1M, Avg. 590.1M, Total 590.1M
terminate called after throwing an instance of 'umpire::out_of_memory_error'
  what():  ! Umpire runtime_error [/tmp/root/spack-stage/spack-stage-umpire-2025.12.0-e2gjdycf5jh7zynxq6nhrc5sw6qtqw6z/spack-src/src/umpire/alloc/CudaMallocAllocator.hpp:38]: cudaMalloc( bytes = 4294967312 ) failed with error: out of memory
    Backtrace: 22 frames
    0 0x7ec7413579ed No dladdr: /opt/spack/opt/spack/linux-zen3/mfem-4.9.0-4mfttwjjimvu6qctjrswmvci5gride7r/lib/libmfem.so.4.9(+0x5579ed) [0x7ec7413579ed]
    1 0x7ec741362b7b No dladdr: /opt/spack/opt/spack/linux-zen3/mfem-4.9.0-4mfttwjjimvu6qctjrswmvci5gride7r/lib/libmfem.so.4.9(_ZNK6umpire13runtime_error7messageB5cxx11Ev+0x5b) [0x7ec741362b7b]
    2 0x7ec72ca65b66 No dladdr: /opt/spack/opt/spack/linux-zen3/umpire-2025.12.0-e2gjdycf5jh7zynxq6nhrc5sw6qtqw6z/lib/libumpire.so(_ZN6umpire13runtime_errorC1ERKNSt7__cxx1112basic_stringIcSt11char_traitsIcESaIcEEES8_i+0xa6) [0x7ec72ca65b66]
    3 0x7ec72ca9f69d No dladdr: /opt/spack/opt/spack/linux-zen3/umpire-2025.12.0-e2gjdycf5jh7zynxq6nhrc5sw6qtqw6z/lib/libumpire.so(_ZN6umpire8resource24CudaDeviceMemoryResource8allocateEm+0x110d) [0x7ec72ca9f69d]
    4 0x7ec72ca45f7c No dladdr: /opt/spack/opt/spack/linux-zen3/umpire-2025.12.0-e2gjdycf5jh7zynxq6nhrc5sw6qtqw6z/lib/libumpire.so(+0x45f7c) [0x7ec72ca45f7c]
    5 0x7ec74136208a No dladdr: /opt/spack/opt/spack/linux-zen3/mfem-4.9.0-4mfttwjjimvu6qctjrswmvci5gride7r/lib/libmfem.so.4.9(_ZN6umpire9Allocator11do_allocateEm+0x44a) [0x7ec74136208a]
    6 0x7ec73d4e092a No dladdr: /opt/spack/opt/spack/linux-zen3/hypre-3.1.0-5lfbi5injshyzuklkkfukapmw65ka2tj/lib/libHYPRE.so.301(hypre_umpire_device_pooled_allocate+0x8a) [0x7ec73d4e092a]
    7 0x7ec73d4e0aab No dladdr: /opt/spack/opt/spack/linux-zen3/hypre-3.1.0-5lfbi5injshyzuklkkfukapmw65ka2tj/lib/libHYPRE.so.301(hypre_MAlloc+0xeb) [0x7ec73d4e0aab]
    8 0x7ec73d5336cd No dladdr: /opt/spack/opt/spack/linux-zen3/hypre-3.1.0-5lfbi5injshyzuklkkfukapmw65ka2tj/lib/libHYPRE.so.301(_ZN6thrust23THRUST_300104_SM_860_NS8count_ifINS0_6detail22execute_with_allocatorIR22hypre_device_allocatorNS0_8cuda_cub22execute_on_stream_baseEEENS0_17counting_iteratorIiNS0_11use_defaultESA_SA_NS0_18compile_time_valueILi1EEEEE16is_non_empty_rowEEN4cuda3std3__415iterator_traitsIT0_vE15difference_typeERKNS2_21execution_policy_baseIT_EESJ_SJ_T1_+0x2cd) [0x7ec73d5336cd]
    9 0x7ec73d52be49 No dladdr: /opt/spack/opt/spack/linux-zen3/hypre-3.1.0-5lfbi5injshyzuklkkfukapmw65ka2tj/lib/libHYPRE.so.301(hypre_CSRMatrixSetRownnzDevice+0x69) [0x7ec73d52be49]
    10 0x7ec73d500925 No dladdr: /opt/spack/opt/spack/linux-zen3/hypre-3.1.0-5lfbi5injshyzuklkkfukapmw65ka2tj/lib/libHYPRE.so.301(hypre_CSRMatrixSetRownnz+0x55) [0x7ec73d500925]
    11 0x7ec7413e3da6 No dladdr: /opt/spack/opt/spack/linux-zen3/mfem-4.9.0-4mfttwjjimvu6qctjrswmvci5gride7r/lib/libmfem.so.4.9(_ZN4mfem14HypreParMatrixC2EP19ompi_communicator_tiiPiS3_S3_S3_S3_S3_S3_i+0x4b6) [0x7ec7413e3da6]
    12 0x7ec7419f5d9c No dladdr: /opt/spack/opt/spack/linux-zen3/mfem-4.9.0-4mfttwjjimvu6qctjrswmvci5gride7r/lib/libmfem.so.4.9(_ZNK4mfem21ParFiniteElementSpace24Build_Dof_TrueDof_MatrixEv+0xcac) [0x7ec7419f5d9c]
    13 0x7ec7419f760d No dladdr: /opt/spack/opt/spack/linux-zen3/mfem-4.9.0-4mfttwjjimvu6qctjrswmvci5gride7r/lib/libmfem.so.4.9(_ZNK4mfem21ParFiniteElementSpace20GetEssentialTrueDofsERKNS_5ArrayIiEERS2_i+0x20d) [0x7ec7419f760d]
    14 0x7ec7478f2b8a No dladdr: /opt/spack/opt/spack/linux-zen3/palace-0.16.0-mxazkd5mg6ababvdar7nk36cftgez226/lib/libpalace.so(_ZN6palace3fem36ConstructFiniteElementSpaceHierarchyIN4mfem15ND_FECollectionEEENS_27FiniteElementSpaceHierarchyEiRKSt6vectorISt10unique_ptrINS_4MeshESt14default_deleteIS7_EESaISA_EERKS5_IS6_IT_S8_ISF_EESaISH_EEPKNS2_5ArrayIiEEPS5_ISN_SaISN_EE+0x4ca) [0x7ec7478f2b8a]
    15 0x7ec7479d1a2f No dladdr: /opt/spack/opt/spack/linux-zen3/palace-0.16.0-mxazkd5mg6ababvdar7nk36cftgez226/lib/libpalace.so(_ZN6palace13SpaceOperatorC1ERKNS_6IoDataERKSt6vectorISt10unique_ptrINS_4MeshESt14default_deleteIS6_EESaIS9_EE+0x52f) [0x7ec7479d1a2f]
    16 0x7ec747719066 No dladdr: /opt/spack/opt/spack/linux-zen3/palace-0.16.0-mxazkd5mg6ababvdar7nk36cftgez226/lib/libpalace.so(_ZNK6palace12DrivenSolver5SolveERKSt6vectorISt10unique_ptrINS_4MeshESt14default_deleteIS3_EESaIS6_EE+0xf6) [0x7ec747719066]
    17 0x7ec7476e69f6 No dladdr: /opt/spack/opt/spack/linux-zen3/palace-0.16.0-mxazkd5mg6ababvdar7nk36cftgez226/lib/libpalace.so(_ZNK6palace10BaseSolver23SolveEstimateMarkRefineERSt6vectorISt10unique_ptrINS_4MeshESt14default_deleteIS3_EESaIS6_EE+0xd6) [0x7ec7476e69f6]
    18 0x56db85cd6645 No dladdr: /opt/spack/opt/spack/linux-zen3/palace-0.16.0-mxazkd5mg6ababvdar7nk36cftgez226/bin/palace-x86_64.bin(+0xb645) [0x56db85cd6645]
    19 0x7ec7404181ca No dladdr: /lib/x86_64-linux-gnu/libc.so.6(+0x2a1ca) [0x7ec7404181ca]
    20 0x7ec74041828b No dladdr: /lib/x86_64-linux-gnu/libc.so.6(__libc_start_main+0x8b) [0x7ec74041828b]
    21 0x56db85cd6c15 No dladdr: /opt/spack/opt/spack/linux-zen3/palace-0.16.0-mxazkd5mg6ababvdar7nk36cftgez226/bin/palace-x86_64.bin(+0xbc15) [0x56db85cd6c15]



LIBXSMM_VERSION: feature_bf32_via_amx_gemms-1.17-3832 (25693944)
LIBXSMM_TARGET: hsw [AMD Ryzen 9 5950X 16-Core Processor]
Registry and code: 13 MB
Command (PID=85): /opt/spack/opt/spack/linux-zen3/palace-0.16.0-mxazkd5mg6ababvdar7nk36cftgez226/bin/palace-x86_64.bin cpw_lumped_uniform_gpu.jsonc
Uptime: 1.516544 s
--------------------------------------------------------------------------

prterun noticed that process rank 0 with PID 85 on node 3982b453a0a3 exited on
signal 6 (Aborted).
--------------------------------------------------------------------------
