 
Ansys Electronics Desktop Version 2025.2.0, Build: 2025-05-16 11:57:52
Location: /opt/ansys_inc/v252/AnsysEM/ansysedt.exe
Non Graphical Mode: No Project??
Starting Batch Run: 7:29:53 PM  Jan 16, 2026
Temp directory: /tmp
Project directory: /home/harry/Ansoft
-- Message Window --
      *Global - Messages
        [info] GRPC server running on port: 43009. 
-- Message Window --
Stopping Batch Run: 7:30:06 PM  Jan 16, 2026
 
Ansys Electronics Desktop Version 2025.2.0, Build: 2025-05-16 11:57:52
Location: /opt/ansys_inc/v252/AnsysEM/ansysedt.exe
Non Graphical Mode: No Project??
Starting Batch Run: 7:30:49 PM  Jan 16, 2026
Temp directory: /tmp
Project directory: /home/harry/Ansoft
-- Message Window --
      *Global - Messages
        [info] GRPC server running on port: 36945. 
-- Message Window --
Stopping Batch Run: 7:33:31 PM  Jan 16, 2026
