/opt/spack/opt/spack/linux-zen3/openmpi-5.0.10-dz6mcy4edceennvzyifk75dwa2amdnoq/bin/mpicc
	linux-vdso.so.1 (0x00007d65486ed000)
	libHYPRE.so.301 => /opt/spack/opt/spack/linux-zen3/hypre-3.1.0-5lfbi5injshyzuklkkfukapmw65ka2tj/lib/libHYPRE.so.301 (0x00007d6545a00000)
	libc.so.6 => /lib/x86_64-linux-gnu/libc.so.6 (0x00007d65457ee000)
	libcudart.so.13 => /opt/spack/opt/spack/linux-zen3/cuda-13.1.2-rcsuucedcrud4wk33hhhzzxsjczffyyv/lib64/libcudart.so.13 (0x00007d6545400000)
	libcusparse.so.12 => /opt/spack/opt/spack/linux-zen3/cuda-13.1.2-rcsuucedcrud4wk33hhhzzxsjczffyyv/lib64/libcusparse.so.12 (0x00007d653ae00000)
	libcurand.so.10 => /opt/spack/opt/spack/linux-zen3/cuda-13.1.2-rcsuucedcrud4wk33hhhzzxsjczffyyv/lib64/libcurand.so.10 (0x00007d6532600000)
	libcublas.so.13 => /opt/spack/opt/spack/linux-zen3/cuda-13.1.2-rcsuucedcrud4wk33hhhzzxsjczffyyv/lib64/libcublas.so.13 (0x00007d652f000000)
	libcusolver.so.12 => /opt/spack/opt/spack/linux-zen3/cuda-13.1.2-rcsuucedcrud4wk33hhhzzxsjczffyyv/lib64/libcusolver.so.12 (0x00007d6526600000)
	libumpire.so => /opt/spack/opt/spack/linux-zen3/umpire-2025.12.0-e2gjdycf5jh7zynxq6nhrc5sw6qtqw6z/lib/libumpire.so (0x00007d6526200000)
	libstdc++.so.6 => /opt/spack/opt/spack/linux-zen3/gcc-runtime-13.3.0-td2vtbgxqrlughglemqrvbfx3tqozcxj/lib/libstdc++.so.6 (0x00007d6525e00000)
	libopenblas.so.0 => /opt/spack/opt/spack/linux-zen3/openblas-0.3.33-q7zf5qogabbpc6x5cwgrbjyzm7xipfg7/lib/libopenblas.so.0 (0x00007d65242f8000)
	libmpi.so.40 => /opt/spack/opt/spack/linux-zen3/openmpi-5.0.10-dz6mcy4edceennvzyifk75dwa2amdnoq/lib/libmpi.so.40 (0x00007d6523e00000)
	libm.so.6 => /lib/x86_64-linux-gnu/libm.so.6 (0x00007d6545705000)
	libgcc_s.so.1 => /opt/spack/opt/spack/linux-zen3/gcc-runtime-13.3.0-td2vtbgxqrlughglemqrvbfx3tqozcxj/lib/libgcc_s.so.1 (0x00007d65486a8000)
	/lib64/ld-linux-x86-64.so.2 (0x00007d65486ef000)
	libdl.so.2 => /lib/x86_64-linux-gnu/libdl.so.2 (0x00007d65486a3000)
	libpthread.so.0 => /lib/x86_64-linux-gnu/libpthread.so.0 (0x00007d654869e000)
	librt.so.1 => /lib/x86_64-linux-gnu/librt.so.1 (0x00007d6548697000)
	libcublasLt.so.13 => /opt/spack/opt/spack/linux-zen3/cuda-13.1.2-rcsuucedcrud4wk33hhhzzxsjczffyyv/lib64/libcublasLt.so.13 (0x00007d6500400000)
	libnvJitLink.so.13 => /opt/spack/opt/spack/linux-zen3/cuda-13.1.2-rcsuucedcrud4wk33hhhzzxsjczffyyv/lib64/libnvJitLink.so.13 (0x00007d64fa400000)
	libgfortran.so.5 => /opt/spack/opt/spack/linux-zen3/gcc-runtime-13.3.0-td2vtbgxqrlughglemqrvbfx3tqozcxj/lib/libgfortran.so.5 (0x00007d64fa000000)
	libopen-pal.so.80 => /opt/spack/opt/spack/linux-zen3/openmpi-5.0.10-dz6mcy4edceennvzyifk75dwa2amdnoq/lib/libopen-pal.so.80 (0x00007d65452c3000)
	libevent_core-2.1.so.7 => /opt/spack/opt/spack/linux-zen3/libevent-2.1.12-ywlzvf7g6eh324hoagknbhtkclokspla/lib/libevent_core-2.1.so.7 (0x00007d65456cd000)
	libevent_pthreads-2.1.so.7 => /opt/spack/opt/spack/linux-zen3/libevent-2.1.12-ywlzvf7g6eh324hoagknbhtkclokspla/lib/libevent_pthreads-2.1.so.7 (0x00007d6548690000)
	libhwloc.so.15 => /opt/spack/opt/spack/linux-zen3/hwloc-2.13.0-yf6tvgwm4dmpk4jnyjf62ljj6frnunrv/lib/libhwloc.so.15 (0x00007d654525c000)
	libpmix.so.2 => /opt/spack/opt/spack/linux-zen3/pmix-6.1.0-wxtlq6npkw4yycgkjkf2evhgk4thwsx5/lib/libpmix.so.2 (0x00007d64f9c00000)
	libpciaccess.so.0 => /opt/spack/opt/spack/linux-zen3/libpciaccess-0.17-6f4fo3ewjg5ze6mlugp25y6esqqdhfrp/lib/libpciaccess.so.0 (0x00007d6548682000)
	libxml2.so.2 => /opt/spack/opt/spack/linux-zen3/libxml2-2.13.9-jfidykf3tbaspkozxq6ljgbks5ex2zfd/lib/libxml2.so.2 (0x00007d65264a2000)
	libz.so.1 => /opt/spack/opt/spack/linux-zen3/zlib-ng-2.3.3-uknbcyfbipjaihnpttfivfmalysrwcfw/lib/libz.so.1 (0x00007d654522f000)
	liblzma.so.5 => /opt/spack/opt/spack/linux-zen3/xz-5.8.3-kcnzte27qx6is3v52tlbhp2qbhalrwmp/lib/liblzma.so.5 (0x00007d653add3000)
	libiconv.so.2 => /opt/spack/opt/spack/linux-zen3/libiconv-1.18-knkjlms4pyaa2oczi6beexqbadzlnfqq/lib/libiconv.so.2 (0x00007d65260ed000)
